// Validating benchmarks:
No exporters defined, results will not be persisted.
// ***** BenchmarkRunner: Start   *****
// ***** Found 18 benchmark(s) in total *****
// ***** Building 1 exe(s) in Parallel: Start   *****
// start dotnet restore  /p:UseSharedCompilation=false /p:BuildInParallel=false /m:1 in C:\Users\José Antonio\source\repos\FlatFiles\FlatFiles.Benchmark\bin\Release\netcoreapp3.0\DefaultJob
// command took 12,48s and exited with 1
// ***** Done, took 00:00:14 (14.19 sec)   *****
// Found 18 benchmarks:
//   CoreBenchmarkSuite.RunFlatFiles_FlatFileDataReader_ByPosition: DefaultJob
//   CoreBenchmarkSuite.RunFlatFiles_FlatFileDataReader_ByName: DefaultJob
//   CoreBenchmarkSuite.RunFlatFiles_FlatFileDataReader_GetValue: DefaultJob
//   CoreBenchmarkSuite.RunFlatFiles_DataTable: DefaultJob
//   CoreBenchmarkSuite.RunFlatFiles_TypeMapper: DefaultJob
//   CoreBenchmarkSuite.RunFlatFiles_TypeMapper_Async: DefaultJob
//   CoreBenchmarkSuite.RunFlatFiles_TypeMapper_Quoted: DefaultJob
//   CoreBenchmarkSuite.RunFlatFiles_TypeMapper_Fields: DefaultJob
//   CoreBenchmarkSuite.RunFlatFiles_TypeMapper_Unoptimized: DefaultJob
//   CoreBenchmarkSuite.RunFlatFiles_TypeMapper_CustomMapping: DefaultJob
//   CoreBenchmarkSuite.RunFlatFiles_TypeMapper_CustomMapping_Unoptimized: DefaultJob
//   CoreBenchmarkSuite.RunFlatFiles_AutoMapped: DefaultJob
//   CoreBenchmarkSuite.RunFlatFiles_AutoMapped_Async: DefaultJob
//   CoreBenchmarkSuite.RunFlatFiles_NoSchema: DefaultJob
//   CoreBenchmarkSuite.RunCsvHelper: DefaultJob
//   CoreBenchmarkSuite.RunCsvHelper_Async: DefaultJob
//   CoreBenchmarkSuite.RunCsvHelper_Quoted: DefaultJob
//   CoreBenchmarkSuite.RunStringSplit: DefaultJob

Setup power plan (GUID: 8c5e7fda-e8bf-4a96-9a85-a6e23a8c635c FriendlyName: Alto desempenho)// Build Error: Standard output: 
  
 Standard error: 
   Falha ao restaurar C:\Users\José Antonio\source\repos\FlatFiles\FlatFiles.Benchmark\bin\Release\netcoreapp3.0\DefaultJob\BenchmarkDotNet.Autogenerated.csproj (em 1,52 sec).
C:\Users\José Antonio\source\repos\FlatFiles\FlatFiles.Benchmark\bin\Release\netcoreapp3.0\DefaultJob\BenchmarkDotNet.Autogenerated.csproj : error NU1201: O projeto FlatFiles.Benchmark nao é compatível com netcoreapp2.0 (.NETCoreApp,Version=v2.0). O projeto FlatFiles.Benchmark dá suporte a: netcoreapp3.0 (.NETCoreApp,Version=v3.0)
  C:\Users\José Antonio\source\repos\FlatFiles\FlatFiles\FlatFiles.csproj restaurado (em 790 ms).
  C:\Users\José Antonio\source\repos\FlatFiles\FlatFiles.Benchmark\FlatFiles.Benchmark.csproj restaurado (em 798 ms).
  Determinando os projetos a serem restaurados...
--------------------------------------------------------------------------------------
Crie seu primeiro aplicativo: https://aka.ms/first-net-core-app
Use 'dotnet --help' para ver os comandos disponíveis ou visite: https://aka.ms/dotnet-cli-docs
Saiba sobre o certificado de desenvolvedor HTTPS instalado: https://aka.ms/aspnet-core-https 
Novidade: https://aka.ms/dotnet-whats-new
Relate problemas e localize a origem no GitHub: https://github.com/dotnet/core
Explore a documentaçao: https://aka.ms/dotnet-docs
----------------
Leia mais sobre a telemetria de Ferramentas da CLI do .NET Core: https://aka.ms/dotnet-cli-telemetry
As ferramentas do .NET Core coletam dados de uso para nos ajudar a melhorar sua experiência. Os dados sao anônimos. Eles sao coletados pela Microsoft e compartilhados com a comunidade. Você pode sair de telemetria definindo a variável de ambiente DOTNET_CLI_TELEMETRY_OPTOUT para '1' ou 'true' usando o shell favorito.
---------
Telemetria!
Versao do SDK: 3.1.410
---------------------
Bem-vindo ao .NET Core 3.1.

// Build Error: Standard output: 
  
 Standard error: 
   Falha ao restaurar C:\Users\José Antonio\source\repos\FlatFiles\FlatFiles.Benchmark\bin\Release\netcoreapp3.0\DefaultJob\BenchmarkDotNet.Autogenerated.csproj (em 1,52 sec).
C:\Users\José Antonio\source\repos\FlatFiles\FlatFiles.Benchmark\bin\Release\netcoreapp3.0\DefaultJob\BenchmarkDotNet.Autogenerated.csproj : error NU1201: O projeto FlatFiles.Benchmark nao é compatível com netcoreapp2.0 (.NETCoreApp,Version=v2.0). O projeto FlatFiles.Benchmark dá suporte a: netcoreapp3.0 (.NETCoreApp,Version=v3.0)
  C:\Users\José Antonio\source\repos\FlatFiles\FlatFiles\FlatFiles.csproj restaurado (em 790 ms).
  C:\Users\José Antonio\source\repos\FlatFiles\FlatFiles.Benchmark\FlatFiles.Benchmark.csproj restaurado (em 798 ms).
  Determinando os projetos a serem restaurados...
--------------------------------------------------------------------------------------
Crie seu primeiro aplicativo: https://aka.ms/first-net-core-app
Use 'dotnet --help' para ver os comandos disponíveis ou visite: https://aka.ms/dotnet-cli-docs
Saiba sobre o certificado de desenvolvedor HTTPS instalado: https://aka.ms/aspnet-core-https 
Novidade: https://aka.ms/dotnet-whats-new
Relate problemas e localize a origem no GitHub: https://github.com/dotnet/core
Explore a documentaçao: https://aka.ms/dotnet-docs
----------------
Leia mais sobre a telemetria de Ferramentas da CLI do .NET Core: https://aka.ms/dotnet-cli-telemetry
As ferramentas do .NET Core coletam dados de uso para nos ajudar a melhorar sua experiência. Os dados sao anônimos. Eles sao coletados pela Microsoft e compartilhados com a comunidade. Você pode sair de telemetria definindo a variável de ambiente DOTNET_CLI_TELEMETRY_OPTOUT para '1' ou 'true' usando o shell favorito.
---------
Telemetria!
Versao do SDK: 3.1.410
---------------------
Bem-vindo ao .NET Core 3.1.

// Build Error: Standard output: 
  
 Standard error: 
   Falha ao restaurar C:\Users\José Antonio\source\repos\FlatFiles\FlatFiles.Benchmark\bin\Release\netcoreapp3.0\DefaultJob\BenchmarkDotNet.Autogenerated.csproj (em 1,52 sec).
C:\Users\José Antonio\source\repos\FlatFiles\FlatFiles.Benchmark\bin\Release\netcoreapp3.0\DefaultJob\BenchmarkDotNet.Autogenerated.csproj : error NU1201: O projeto FlatFiles.Benchmark nao é compatível com netcoreapp2.0 (.NETCoreApp,Version=v2.0). O projeto FlatFiles.Benchmark dá suporte a: netcoreapp3.0 (.NETCoreApp,Version=v3.0)
  C:\Users\José Antonio\source\repos\FlatFiles\FlatFiles\FlatFiles.csproj restaurado (em 790 ms).
  C:\Users\José Antonio\source\repos\FlatFiles\FlatFiles.Benchmark\FlatFiles.Benchmark.csproj restaurado (em 798 ms).
  Determinando os projetos a serem restaurados...
--------------------------------------------------------------------------------------
Crie seu primeiro aplicativo: https://aka.ms/first-net-core-app
Use 'dotnet --help' para ver os comandos disponíveis ou visite: https://aka.ms/dotnet-cli-docs
Saiba sobre o certificado de desenvolvedor HTTPS instalado: https://aka.ms/aspnet-core-https 
Novidade: https://aka.ms/dotnet-whats-new
Relate problemas e localize a origem no GitHub: https://github.com/dotnet/core
Explore a documentaçao: https://aka.ms/dotnet-docs
----------------
Leia mais sobre a telemetria de Ferramentas da CLI do .NET Core: https://aka.ms/dotnet-cli-telemetry
As ferramentas do .NET Core coletam dados de uso para nos ajudar a melhorar sua experiência. Os dados sao anônimos. Eles sao coletados pela Microsoft e compartilhados com a comunidade. Você pode sair de telemetria definindo a variável de ambiente DOTNET_CLI_TELEMETRY_OPTOUT para '1' ou 'true' usando o shell favorito.
---------
Telemetria!
Versao do SDK: 3.1.410
---------------------
Bem-vindo ao .NET Core 3.1.

// Build Error: Standard output: 
  
 Standard error: 
   Falha ao restaurar C:\Users\José Antonio\source\repos\FlatFiles\FlatFiles.Benchmark\bin\Release\netcoreapp3.0\DefaultJob\BenchmarkDotNet.Autogenerated.csproj (em 1,52 sec).
C:\Users\José Antonio\source\repos\FlatFiles\FlatFiles.Benchmark\bin\Release\netcoreapp3.0\DefaultJob\BenchmarkDotNet.Autogenerated.csproj : error NU1201: O projeto FlatFiles.Benchmark nao é compatível com netcoreapp2.0 (.NETCoreApp,Version=v2.0). O projeto FlatFiles.Benchmark dá suporte a: netcoreapp3.0 (.NETCoreApp,Version=v3.0)
  C:\Users\José Antonio\source\repos\FlatFiles\FlatFiles\FlatFiles.csproj restaurado (em 790 ms).
  C:\Users\José Antonio\source\repos\FlatFiles\FlatFiles.Benchmark\FlatFiles.Benchmark.csproj restaurado (em 798 ms).
  Determinando os projetos a serem restaurados...
--------------------------------------------------------------------------------------
Crie seu primeiro aplicativo: https://aka.ms/first-net-core-app
Use 'dotnet --help' para ver os comandos disponíveis ou visite: https://aka.ms/dotnet-cli-docs
Saiba sobre o certificado de desenvolvedor HTTPS instalado: https://aka.ms/aspnet-core-https 
Novidade: https://aka.ms/dotnet-whats-new
Relate problemas e localize a origem no GitHub: https://github.com/dotnet/core
Explore a documentaçao: https://aka.ms/dotnet-docs
----------------
Leia mais sobre a telemetria de Ferramentas da CLI do .NET Core: https://aka.ms/dotnet-cli-telemetry
As ferramentas do .NET Core coletam dados de uso para nos ajudar a melhorar sua experiência. Os dados sao anônimos. Eles sao coletados pela Microsoft e compartilhados com a comunidade. Você pode sair de telemetria definindo a variável de ambiente DOTNET_CLI_TELEMETRY_OPTOUT para '1' ou 'true' usando o shell favorito.
---------
Telemetria!
Versao do SDK: 3.1.410
---------------------
Bem-vindo ao .NET Core 3.1.

// Build Error: Standard output: 
  
 Standard error: 
   Falha ao restaurar C:\Users\José Antonio\source\repos\FlatFiles\FlatFiles.Benchmark\bin\Release\netcoreapp3.0\DefaultJob\BenchmarkDotNet.Autogenerated.csproj (em 1,52 sec).
C:\Users\José Antonio\source\repos\FlatFiles\FlatFiles.Benchmark\bin\Release\netcoreapp3.0\DefaultJob\BenchmarkDotNet.Autogenerated.csproj : error NU1201: O projeto FlatFiles.Benchmark nao é compatível com netcoreapp2.0 (.NETCoreApp,Version=v2.0). O projeto FlatFiles.Benchmark dá suporte a: netcoreapp3.0 (.NETCoreApp,Version=v3.0)
  C:\Users\José Antonio\source\repos\FlatFiles\FlatFiles\FlatFiles.csproj restaurado (em 790 ms).
  C:\Users\José Antonio\source\repos\FlatFiles\FlatFiles.Benchmark\FlatFiles.Benchmark.csproj restaurado (em 798 ms).
  Determinando os projetos a serem restaurados...
--------------------------------------------------------------------------------------
Crie seu primeiro aplicativo: https://aka.ms/first-net-core-app
Use 'dotnet --help' para ver os comandos disponíveis ou visite: https://aka.ms/dotnet-cli-docs
Saiba sobre o certificado de desenvolvedor HTTPS instalado: https://aka.ms/aspnet-core-https 
Novidade: https://aka.ms/dotnet-whats-new
Relate problemas e localize a origem no GitHub: https://github.com/dotnet/core
Explore a documentaçao: https://aka.ms/dotnet-docs
----------------
Leia mais sobre a telemetria de Ferramentas da CLI do .NET Core: https://aka.ms/dotnet-cli-telemetry
As ferramentas do .NET Core coletam dados de uso para nos ajudar a melhorar sua experiência. Os dados sao anônimos. Eles sao coletados pela Microsoft e compartilhados com a comunidade. Você pode sair de telemetria definindo a variável de ambiente DOTNET_CLI_TELEMETRY_OPTOUT para '1' ou 'true' usando o shell favorito.
---------
Telemetria!
Versao do SDK: 3.1.410
---------------------
Bem-vindo ao .NET Core 3.1.

// Build Error: Standard output: 
  
 Standard error: 
   Falha ao restaurar C:\Users\José Antonio\source\repos\FlatFiles\FlatFiles.Benchmark\bin\Release\netcoreapp3.0\DefaultJob\BenchmarkDotNet.Autogenerated.csproj (em 1,52 sec).
C:\Users\José Antonio\source\repos\FlatFiles\FlatFiles.Benchmark\bin\Release\netcoreapp3.0\DefaultJob\BenchmarkDotNet.Autogenerated.csproj : error NU1201: O projeto FlatFiles.Benchmark nao é compatível com netcoreapp2.0 (.NETCoreApp,Version=v2.0). O projeto FlatFiles.Benchmark dá suporte a: netcoreapp3.0 (.NETCoreApp,Version=v3.0)
  C:\Users\José Antonio\source\repos\FlatFiles\FlatFiles\FlatFiles.csproj restaurado (em 790 ms).
  C:\Users\José Antonio\source\repos\FlatFiles\FlatFiles.Benchmark\FlatFiles.Benchmark.csproj restaurado (em 798 ms).
  Determinando os projetos a serem restaurados...
--------------------------------------------------------------------------------------
Crie seu primeiro aplicativo: https://aka.ms/first-net-core-app
Use 'dotnet --help' para ver os comandos disponíveis ou visite: https://aka.ms/dotnet-cli-docs
Saiba sobre o certificado de desenvolvedor HTTPS instalado: https://aka.ms/aspnet-core-https 
Novidade: https://aka.ms/dotnet-whats-new
Relate problemas e localize a origem no GitHub: https://github.com/dotnet/core
Explore a documentaçao: https://aka.ms/dotnet-docs
----------------
Leia mais sobre a telemetria de Ferramentas da CLI do .NET Core: https://aka.ms/dotnet-cli-telemetry
As ferramentas do .NET Core coletam dados de uso para nos ajudar a melhorar sua experiência. Os dados sao anônimos. Eles sao coletados pela Microsoft e compartilhados com a comunidade. Você pode sair de telemetria definindo a variável de ambiente DOTNET_CLI_TELEMETRY_OPTOUT para '1' ou 'true' usando o shell favorito.
---------
Telemetria!
Versao do SDK: 3.1.410
---------------------
Bem-vindo ao .NET Core 3.1.

// Build Error: Standard output: 
  
 Standard error: 
   Falha ao restaurar C:\Users\José Antonio\source\repos\FlatFiles\FlatFiles.Benchmark\bin\Release\netcoreapp3.0\DefaultJob\BenchmarkDotNet.Autogenerated.csproj (em 1,52 sec).
C:\Users\José Antonio\source\repos\FlatFiles\FlatFiles.Benchmark\bin\Release\netcoreapp3.0\DefaultJob\BenchmarkDotNet.Autogenerated.csproj : error NU1201: O projeto FlatFiles.Benchmark nao é compatível com netcoreapp2.0 (.NETCoreApp,Version=v2.0). O projeto FlatFiles.Benchmark dá suporte a: netcoreapp3.0 (.NETCoreApp,Version=v3.0)
  C:\Users\José Antonio\source\repos\FlatFiles\FlatFiles\FlatFiles.csproj restaurado (em 790 ms).
  C:\Users\José Antonio\source\repos\FlatFiles\FlatFiles.Benchmark\FlatFiles.Benchmark.csproj restaurado (em 798 ms).
  Determinando os projetos a serem restaurados...
--------------------------------------------------------------------------------------
Crie seu primeiro aplicativo: https://aka.ms/first-net-core-app
Use 'dotnet --help' para ver os comandos disponíveis ou visite: https://aka.ms/dotnet-cli-docs
Saiba sobre o certificado de desenvolvedor HTTPS instalado: https://aka.ms/aspnet-core-https 
Novidade: https://aka.ms/dotnet-whats-new
Relate problemas e localize a origem no GitHub: https://github.com/dotnet/core
Explore a documentaçao: https://aka.ms/dotnet-docs
----------------
Leia mais sobre a telemetria de Ferramentas da CLI do .NET Core: https://aka.ms/dotnet-cli-telemetry
As ferramentas do .NET Core coletam dados de uso para nos ajudar a melhorar sua experiência. Os dados sao anônimos. Eles sao coletados pela Microsoft e compartilhados com a comunidade. Você pode sair de telemetria definindo a variável de ambiente DOTNET_CLI_TELEMETRY_OPTOUT para '1' ou 'true' usando o shell favorito.
---------
Telemetria!
Versao do SDK: 3.1.410
---------------------
Bem-vindo ao .NET Core 3.1.

// Build Error: Standard output: 
  
 Standard error: 
   Falha ao restaurar C:\Users\José Antonio\source\repos\FlatFiles\FlatFiles.Benchmark\bin\Release\netcoreapp3.0\DefaultJob\BenchmarkDotNet.Autogenerated.csproj (em 1,52 sec).
C:\Users\José Antonio\source\repos\FlatFiles\FlatFiles.Benchmark\bin\Release\netcoreapp3.0\DefaultJob\BenchmarkDotNet.Autogenerated.csproj : error NU1201: O projeto FlatFiles.Benchmark nao é compatível com netcoreapp2.0 (.NETCoreApp,Version=v2.0). O projeto FlatFiles.Benchmark dá suporte a: netcoreapp3.0 (.NETCoreApp,Version=v3.0)
  C:\Users\José Antonio\source\repos\FlatFiles\FlatFiles\FlatFiles.csproj restaurado (em 790 ms).
  C:\Users\José Antonio\source\repos\FlatFiles\FlatFiles.Benchmark\FlatFiles.Benchmark.csproj restaurado (em 798 ms).
  Determinando os projetos a serem restaurados...
--------------------------------------------------------------------------------------
Crie seu primeiro aplicativo: https://aka.ms/first-net-core-app
Use 'dotnet --help' para ver os comandos disponíveis ou visite: https://aka.ms/dotnet-cli-docs
Saiba sobre o certificado de desenvolvedor HTTPS instalado: https://aka.ms/aspnet-core-https 
Novidade: https://aka.ms/dotnet-whats-new
Relate problemas e localize a origem no GitHub: https://github.com/dotnet/core
Explore a documentaçao: https://aka.ms/dotnet-docs
----------------
Leia mais sobre a telemetria de Ferramentas da CLI do .NET Core: https://aka.ms/dotnet-cli-telemetry
As ferramentas do .NET Core coletam dados de uso para nos ajudar a melhorar sua experiência. Os dados sao anônimos. Eles sao coletados pela Microsoft e compartilhados com a comunidade. Você pode sair de telemetria definindo a variável de ambiente DOTNET_CLI_TELEMETRY_OPTOUT para '1' ou 'true' usando o shell favorito.
---------
Telemetria!
Versao do SDK: 3.1.410
---------------------
Bem-vindo ao .NET Core 3.1.

// Build Error: Standard output: 
  
 Standard error: 
   Falha ao restaurar C:\Users\José Antonio\source\repos\FlatFiles\FlatFiles.Benchmark\bin\Release\netcoreapp3.0\DefaultJob\BenchmarkDotNet.Autogenerated.csproj (em 1,52 sec).
C:\Users\José Antonio\source\repos\FlatFiles\FlatFiles.Benchmark\bin\Release\netcoreapp3.0\DefaultJob\BenchmarkDotNet.Autogenerated.csproj : error NU1201: O projeto FlatFiles.Benchmark nao é compatível com netcoreapp2.0 (.NETCoreApp,Version=v2.0). O projeto FlatFiles.Benchmark dá suporte a: netcoreapp3.0 (.NETCoreApp,Version=v3.0)
  C:\Users\José Antonio\source\repos\FlatFiles\FlatFiles\FlatFiles.csproj restaurado (em 790 ms).
  C:\Users\José Antonio\source\repos\FlatFiles\FlatFiles.Benchmark\FlatFiles.Benchmark.csproj restaurado (em 798 ms).
  Determinando os projetos a serem restaurados...
--------------------------------------------------------------------------------------
Crie seu primeiro aplicativo: https://aka.ms/first-net-core-app
Use 'dotnet --help' para ver os comandos disponíveis ou visite: https://aka.ms/dotnet-cli-docs
Saiba sobre o certificado de desenvolvedor HTTPS instalado: https://aka.ms/aspnet-core-https 
Novidade: https://aka.ms/dotnet-whats-new
Relate problemas e localize a origem no GitHub: https://github.com/dotnet/core
Explore a documentaçao: https://aka.ms/dotnet-docs
----------------
Leia mais sobre a telemetria de Ferramentas da CLI do .NET Core: https://aka.ms/dotnet-cli-telemetry
As ferramentas do .NET Core coletam dados de uso para nos ajudar a melhorar sua experiência. Os dados sao anônimos. Eles sao coletados pela Microsoft e compartilhados com a comunidade. Você pode sair de telemetria definindo a variável de ambiente DOTNET_CLI_TELEMETRY_OPTOUT para '1' ou 'true' usando o shell favorito.
---------
Telemetria!
Versao do SDK: 3.1.410
---------------------
Bem-vindo ao .NET Core 3.1.

// Build Error: Standard output: 
  
 Standard error: 
   Falha ao restaurar C:\Users\José Antonio\source\repos\FlatFiles\FlatFiles.Benchmark\bin\Release\netcoreapp3.0\DefaultJob\BenchmarkDotNet.Autogenerated.csproj (em 1,52 sec).
C:\Users\José Antonio\source\repos\FlatFiles\FlatFiles.Benchmark\bin\Release\netcoreapp3.0\DefaultJob\BenchmarkDotNet.Autogenerated.csproj : error NU1201: O projeto FlatFiles.Benchmark nao é compatível com netcoreapp2.0 (.NETCoreApp,Version=v2.0). O projeto FlatFiles.Benchmark dá suporte a: netcoreapp3.0 (.NETCoreApp,Version=v3.0)
  C:\Users\José Antonio\source\repos\FlatFiles\FlatFiles\FlatFiles.csproj restaurado (em 790 ms).
  C:\Users\José Antonio\source\repos\FlatFiles\FlatFiles.Benchmark\FlatFiles.Benchmark.csproj restaurado (em 798 ms).
  Determinando os projetos a serem restaurados...
--------------------------------------------------------------------------------------
Crie seu primeiro aplicativo: https://aka.ms/first-net-core-app
Use 'dotnet --help' para ver os comandos disponíveis ou visite: https://aka.ms/dotnet-cli-docs
Saiba sobre o certificado de desenvolvedor HTTPS instalado: https://aka.ms/aspnet-core-https 
Novidade: https://aka.ms/dotnet-whats-new
Relate problemas e localize a origem no GitHub: https://github.com/dotnet/core
Explore a documentaçao: https://aka.ms/dotnet-docs
----------------
Leia mais sobre a telemetria de Ferramentas da CLI do .NET Core: https://aka.ms/dotnet-cli-telemetry
As ferramentas do .NET Core coletam dados de uso para nos ajudar a melhorar sua experiência. Os dados sao anônimos. Eles sao coletados pela Microsoft e compartilhados com a comunidade. Você pode sair de telemetria definindo a variável de ambiente DOTNET_CLI_TELEMETRY_OPTOUT para '1' ou 'true' usando o shell favorito.
---------
Telemetria!
Versao do SDK: 3.1.410
---------------------
Bem-vindo ao .NET Core 3.1.

// Build Error: Standard output: 
  
 Standard error: 
   Falha ao restaurar C:\Users\José Antonio\source\repos\FlatFiles\FlatFiles.Benchmark\bin\Release\netcoreapp3.0\DefaultJob\BenchmarkDotNet.Autogenerated.csproj (em 1,52 sec).
C:\Users\José Antonio\source\repos\FlatFiles\FlatFiles.Benchmark\bin\Release\netcoreapp3.0\DefaultJob\BenchmarkDotNet.Autogenerated.csproj : error NU1201: O projeto FlatFiles.Benchmark nao é compatível com netcoreapp2.0 (.NETCoreApp,Version=v2.0). O projeto FlatFiles.Benchmark dá suporte a: netcoreapp3.0 (.NETCoreApp,Version=v3.0)
  C:\Users\José Antonio\source\repos\FlatFiles\FlatFiles\FlatFiles.csproj restaurado (em 790 ms).
  C:\Users\José Antonio\source\repos\FlatFiles\FlatFiles.Benchmark\FlatFiles.Benchmark.csproj restaurado (em 798 ms).
  Determinando os projetos a serem restaurados...
--------------------------------------------------------------------------------------
Crie seu primeiro aplicativo: https://aka.ms/first-net-core-app
Use 'dotnet --help' para ver os comandos disponíveis ou visite: https://aka.ms/dotnet-cli-docs
Saiba sobre o certificado de desenvolvedor HTTPS instalado: https://aka.ms/aspnet-core-https 
Novidade: https://aka.ms/dotnet-whats-new
Relate problemas e localize a origem no GitHub: https://github.com/dotnet/core
Explore a documentaçao: https://aka.ms/dotnet-docs
----------------
Leia mais sobre a telemetria de Ferramentas da CLI do .NET Core: https://aka.ms/dotnet-cli-telemetry
As ferramentas do .NET Core coletam dados de uso para nos ajudar a melhorar sua experiência. Os dados sao anônimos. Eles sao coletados pela Microsoft e compartilhados com a comunidade. Você pode sair de telemetria definindo a variável de ambiente DOTNET_CLI_TELEMETRY_OPTOUT para '1' ou 'true' usando o shell favorito.
---------
Telemetria!
Versao do SDK: 3.1.410
---------------------
Bem-vindo ao .NET Core 3.1.

// Build Error: Standard output: 
  
 Standard error: 
   Falha ao restaurar C:\Users\José Antonio\source\repos\FlatFiles\FlatFiles.Benchmark\bin\Release\netcoreapp3.0\DefaultJob\BenchmarkDotNet.Autogenerated.csproj (em 1,52 sec).
C:\Users\José Antonio\source\repos\FlatFiles\FlatFiles.Benchmark\bin\Release\netcoreapp3.0\DefaultJob\BenchmarkDotNet.Autogenerated.csproj : error NU1201: O projeto FlatFiles.Benchmark nao é compatível com netcoreapp2.0 (.NETCoreApp,Version=v2.0). O projeto FlatFiles.Benchmark dá suporte a: netcoreapp3.0 (.NETCoreApp,Version=v3.0)
  C:\Users\José Antonio\source\repos\FlatFiles\FlatFiles\FlatFiles.csproj restaurado (em 790 ms).
  C:\Users\José Antonio\source\repos\FlatFiles\FlatFiles.Benchmark\FlatFiles.Benchmark.csproj restaurado (em 798 ms).
  Determinando os projetos a serem restaurados...
--------------------------------------------------------------------------------------
Crie seu primeiro aplicativo: https://aka.ms/first-net-core-app
Use 'dotnet --help' para ver os comandos disponíveis ou visite: https://aka.ms/dotnet-cli-docs
Saiba sobre o certificado de desenvolvedor HTTPS instalado: https://aka.ms/aspnet-core-https 
Novidade: https://aka.ms/dotnet-whats-new
Relate problemas e localize a origem no GitHub: https://github.com/dotnet/core
Explore a documentaçao: https://aka.ms/dotnet-docs
----------------
Leia mais sobre a telemetria de Ferramentas da CLI do .NET Core: https://aka.ms/dotnet-cli-telemetry
As ferramentas do .NET Core coletam dados de uso para nos ajudar a melhorar sua experiência. Os dados sao anônimos. Eles sao coletados pela Microsoft e compartilhados com a comunidade. Você pode sair de telemetria definindo a variável de ambiente DOTNET_CLI_TELEMETRY_OPTOUT para '1' ou 'true' usando o shell favorito.
---------
Telemetria!
Versao do SDK: 3.1.410
---------------------
Bem-vindo ao .NET Core 3.1.

// Build Error: Standard output: 
  
 Standard error: 
   Falha ao restaurar C:\Users\José Antonio\source\repos\FlatFiles\FlatFiles.Benchmark\bin\Release\netcoreapp3.0\DefaultJob\BenchmarkDotNet.Autogenerated.csproj (em 1,52 sec).
C:\Users\José Antonio\source\repos\FlatFiles\FlatFiles.Benchmark\bin\Release\netcoreapp3.0\DefaultJob\BenchmarkDotNet.Autogenerated.csproj : error NU1201: O projeto FlatFiles.Benchmark nao é compatível com netcoreapp2.0 (.NETCoreApp,Version=v2.0). O projeto FlatFiles.Benchmark dá suporte a: netcoreapp3.0 (.NETCoreApp,Version=v3.0)
  C:\Users\José Antonio\source\repos\FlatFiles\FlatFiles\FlatFiles.csproj restaurado (em 790 ms).
  C:\Users\José Antonio\source\repos\FlatFiles\FlatFiles.Benchmark\FlatFiles.Benchmark.csproj restaurado (em 798 ms).
  Determinando os projetos a serem restaurados...
--------------------------------------------------------------------------------------
Crie seu primeiro aplicativo: https://aka.ms/first-net-core-app
Use 'dotnet --help' para ver os comandos disponíveis ou visite: https://aka.ms/dotnet-cli-docs
Saiba sobre o certificado de desenvolvedor HTTPS instalado: https://aka.ms/aspnet-core-https 
Novidade: https://aka.ms/dotnet-whats-new
Relate problemas e localize a origem no GitHub: https://github.com/dotnet/core
Explore a documentaçao: https://aka.ms/dotnet-docs
----------------
Leia mais sobre a telemetria de Ferramentas da CLI do .NET Core: https://aka.ms/dotnet-cli-telemetry
As ferramentas do .NET Core coletam dados de uso para nos ajudar a melhorar sua experiência. Os dados sao anônimos. Eles sao coletados pela Microsoft e compartilhados com a comunidade. Você pode sair de telemetria definindo a variável de ambiente DOTNET_CLI_TELEMETRY_OPTOUT para '1' ou 'true' usando o shell favorito.
---------
Telemetria!
Versao do SDK: 3.1.410
---------------------
Bem-vindo ao .NET Core 3.1.

// Build Error: Standard output: 
  
 Standard error: 
   Falha ao restaurar C:\Users\José Antonio\source\repos\FlatFiles\FlatFiles.Benchmark\bin\Release\netcoreapp3.0\DefaultJob\BenchmarkDotNet.Autogenerated.csproj (em 1,52 sec).
C:\Users\José Antonio\source\repos\FlatFiles\FlatFiles.Benchmark\bin\Release\netcoreapp3.0\DefaultJob\BenchmarkDotNet.Autogenerated.csproj : error NU1201: O projeto FlatFiles.Benchmark nao é compatível com netcoreapp2.0 (.NETCoreApp,Version=v2.0). O projeto FlatFiles.Benchmark dá suporte a: netcoreapp3.0 (.NETCoreApp,Version=v3.0)
  C:\Users\José Antonio\source\repos\FlatFiles\FlatFiles\FlatFiles.csproj restaurado (em 790 ms).
  C:\Users\José Antonio\source\repos\FlatFiles\FlatFiles.Benchmark\FlatFiles.Benchmark.csproj restaurado (em 798 ms).
  Determinando os projetos a serem restaurados...
--------------------------------------------------------------------------------------
Crie seu primeiro aplicativo: https://aka.ms/first-net-core-app
Use 'dotnet --help' para ver os comandos disponíveis ou visite: https://aka.ms/dotnet-cli-docs
Saiba sobre o certificado de desenvolvedor HTTPS instalado: https://aka.ms/aspnet-core-https 
Novidade: https://aka.ms/dotnet-whats-new
Relate problemas e localize a origem no GitHub: https://github.com/dotnet/core
Explore a documentaçao: https://aka.ms/dotnet-docs
----------------
Leia mais sobre a telemetria de Ferramentas da CLI do .NET Core: https://aka.ms/dotnet-cli-telemetry
As ferramentas do .NET Core coletam dados de uso para nos ajudar a melhorar sua experiência. Os dados sao anônimos. Eles sao coletados pela Microsoft e compartilhados com a comunidade. Você pode sair de telemetria definindo a variável de ambiente DOTNET_CLI_TELEMETRY_OPTOUT para '1' ou 'true' usando o shell favorito.
---------
Telemetria!
Versao do SDK: 3.1.410
---------------------
Bem-vindo ao .NET Core 3.1.

// Build Error: Standard output: 
  
 Standard error: 
   Falha ao restaurar C:\Users\José Antonio\source\repos\FlatFiles\FlatFiles.Benchmark\bin\Release\netcoreapp3.0\DefaultJob\BenchmarkDotNet.Autogenerated.csproj (em 1,52 sec).
C:\Users\José Antonio\source\repos\FlatFiles\FlatFiles.Benchmark\bin\Release\netcoreapp3.0\DefaultJob\BenchmarkDotNet.Autogenerated.csproj : error NU1201: O projeto FlatFiles.Benchmark nao é compatível com netcoreapp2.0 (.NETCoreApp,Version=v2.0). O projeto FlatFiles.Benchmark dá suporte a: netcoreapp3.0 (.NETCoreApp,Version=v3.0)
  C:\Users\José Antonio\source\repos\FlatFiles\FlatFiles\FlatFiles.csproj restaurado (em 790 ms).
  C:\Users\José Antonio\source\repos\FlatFiles\FlatFiles.Benchmark\FlatFiles.Benchmark.csproj restaurado (em 798 ms).
  Determinando os projetos a serem restaurados...
--------------------------------------------------------------------------------------
Crie seu primeiro aplicativo: https://aka.ms/first-net-core-app
Use 'dotnet --help' para ver os comandos disponíveis ou visite: https://aka.ms/dotnet-cli-docs
Saiba sobre o certificado de desenvolvedor HTTPS instalado: https://aka.ms/aspnet-core-https 
Novidade: https://aka.ms/dotnet-whats-new
Relate problemas e localize a origem no GitHub: https://github.com/dotnet/core
Explore a documentaçao: https://aka.ms/dotnet-docs
----------------
Leia mais sobre a telemetria de Ferramentas da CLI do .NET Core: https://aka.ms/dotnet-cli-telemetry
As ferramentas do .NET Core coletam dados de uso para nos ajudar a melhorar sua experiência. Os dados sao anônimos. Eles sao coletados pela Microsoft e compartilhados com a comunidade. Você pode sair de telemetria definindo a variável de ambiente DOTNET_CLI_TELEMETRY_OPTOUT para '1' ou 'true' usando o shell favorito.
---------
Telemetria!
Versao do SDK: 3.1.410
---------------------
Bem-vindo ao .NET Core 3.1.

// Build Error: Standard output: 
  
 Standard error: 
   Falha ao restaurar C:\Users\José Antonio\source\repos\FlatFiles\FlatFiles.Benchmark\bin\Release\netcoreapp3.0\DefaultJob\BenchmarkDotNet.Autogenerated.csproj (em 1,52 sec).
C:\Users\José Antonio\source\repos\FlatFiles\FlatFiles.Benchmark\bin\Release\netcoreapp3.0\DefaultJob\BenchmarkDotNet.Autogenerated.csproj : error NU1201: O projeto FlatFiles.Benchmark nao é compatível com netcoreapp2.0 (.NETCoreApp,Version=v2.0). O projeto FlatFiles.Benchmark dá suporte a: netcoreapp3.0 (.NETCoreApp,Version=v3.0)
  C:\Users\José Antonio\source\repos\FlatFiles\FlatFiles\FlatFiles.csproj restaurado (em 790 ms).
  C:\Users\José Antonio\source\repos\FlatFiles\FlatFiles.Benchmark\FlatFiles.Benchmark.csproj restaurado (em 798 ms).
  Determinando os projetos a serem restaurados...
--------------------------------------------------------------------------------------
Crie seu primeiro aplicativo: https://aka.ms/first-net-core-app
Use 'dotnet --help' para ver os comandos disponíveis ou visite: https://aka.ms/dotnet-cli-docs
Saiba sobre o certificado de desenvolvedor HTTPS instalado: https://aka.ms/aspnet-core-https 
Novidade: https://aka.ms/dotnet-whats-new
Relate problemas e localize a origem no GitHub: https://github.com/dotnet/core
Explore a documentaçao: https://aka.ms/dotnet-docs
----------------
Leia mais sobre a telemetria de Ferramentas da CLI do .NET Core: https://aka.ms/dotnet-cli-telemetry
As ferramentas do .NET Core coletam dados de uso para nos ajudar a melhorar sua experiência. Os dados sao anônimos. Eles sao coletados pela Microsoft e compartilhados com a comunidade. Você pode sair de telemetria definindo a variável de ambiente DOTNET_CLI_TELEMETRY_OPTOUT para '1' ou 'true' usando o shell favorito.
---------
Telemetria!
Versao do SDK: 3.1.410
---------------------
Bem-vindo ao .NET Core 3.1.

// Build Error: Standard output: 
  
 Standard error: 
   Falha ao restaurar C:\Users\José Antonio\source\repos\FlatFiles\FlatFiles.Benchmark\bin\Release\netcoreapp3.0\DefaultJob\BenchmarkDotNet.Autogenerated.csproj (em 1,52 sec).
C:\Users\José Antonio\source\repos\FlatFiles\FlatFiles.Benchmark\bin\Release\netcoreapp3.0\DefaultJob\BenchmarkDotNet.Autogenerated.csproj : error NU1201: O projeto FlatFiles.Benchmark nao é compatível com netcoreapp2.0 (.NETCoreApp,Version=v2.0). O projeto FlatFiles.Benchmark dá suporte a: netcoreapp3.0 (.NETCoreApp,Version=v3.0)
  C:\Users\José Antonio\source\repos\FlatFiles\FlatFiles\FlatFiles.csproj restaurado (em 790 ms).
  C:\Users\José Antonio\source\repos\FlatFiles\FlatFiles.Benchmark\FlatFiles.Benchmark.csproj restaurado (em 798 ms).
  Determinando os projetos a serem restaurados...
--------------------------------------------------------------------------------------
Crie seu primeiro aplicativo: https://aka.ms/first-net-core-app
Use 'dotnet --help' para ver os comandos disponíveis ou visite: https://aka.ms/dotnet-cli-docs
Saiba sobre o certificado de desenvolvedor HTTPS instalado: https://aka.ms/aspnet-core-https 
Novidade: https://aka.ms/dotnet-whats-new
Relate problemas e localize a origem no GitHub: https://github.com/dotnet/core
Explore a documentaçao: https://aka.ms/dotnet-docs
----------------
Leia mais sobre a telemetria de Ferramentas da CLI do .NET Core: https://aka.ms/dotnet-cli-telemetry
As ferramentas do .NET Core coletam dados de uso para nos ajudar a melhorar sua experiência. Os dados sao anônimos. Eles sao coletados pela Microsoft e compartilhados com a comunidade. Você pode sair de telemetria definindo a variável de ambiente DOTNET_CLI_TELEMETRY_OPTOUT para '1' ou 'true' usando o shell favorito.
---------
Telemetria!
Versao do SDK: 3.1.410
---------------------
Bem-vindo ao .NET Core 3.1.

// Build Error: Standard output: 
  
 Standard error: 
   Falha ao restaurar C:\Users\José Antonio\source\repos\FlatFiles\FlatFiles.Benchmark\bin\Release\netcoreapp3.0\DefaultJob\BenchmarkDotNet.Autogenerated.csproj (em 1,52 sec).
C:\Users\José Antonio\source\repos\FlatFiles\FlatFiles.Benchmark\bin\Release\netcoreapp3.0\DefaultJob\BenchmarkDotNet.Autogenerated.csproj : error NU1201: O projeto FlatFiles.Benchmark nao é compatível com netcoreapp2.0 (.NETCoreApp,Version=v2.0). O projeto FlatFiles.Benchmark dá suporte a: netcoreapp3.0 (.NETCoreApp,Version=v3.0)
  C:\Users\José Antonio\source\repos\FlatFiles\FlatFiles\FlatFiles.csproj restaurado (em 790 ms).
  C:\Users\José Antonio\source\repos\FlatFiles\FlatFiles.Benchmark\FlatFiles.Benchmark.csproj restaurado (em 798 ms).
  Determinando os projetos a serem restaurados...
--------------------------------------------------------------------------------------
Crie seu primeiro aplicativo: https://aka.ms/first-net-core-app
Use 'dotnet --help' para ver os comandos disponíveis ou visite: https://aka.ms/dotnet-cli-docs
Saiba sobre o certificado de desenvolvedor HTTPS instalado: https://aka.ms/aspnet-core-https 
Novidade: https://aka.ms/dotnet-whats-new
Relate problemas e localize a origem no GitHub: https://github.com/dotnet/core
Explore a documentaçao: https://aka.ms/dotnet-docs
----------------
Leia mais sobre a telemetria de Ferramentas da CLI do .NET Core: https://aka.ms/dotnet-cli-telemetry
As ferramentas do .NET Core coletam dados de uso para nos ajudar a melhorar sua experiência. Os dados sao anônimos. Eles sao coletados pela Microsoft e compartilhados com a comunidade. Você pode sair de telemetria definindo a variável de ambiente DOTNET_CLI_TELEMETRY_OPTOUT para '1' ou 'true' usando o shell favorito.
---------
Telemetria!
Versao do SDK: 3.1.410
---------------------
Bem-vindo ao .NET Core 3.1.

Successfully reverted power plan (GUID: 5dd88232-dab6-4148-8367-5612c9e14f3e FriendlyName: Meu Plano Personalizado 1)
// ***** BenchmarkRunner: Finish  *****

// * Export *

// * Detailed results *
CoreBenchmarkSuite.RunFlatFiles_FlatFileDataReader_ByPosition: DefaultJob
Runtime = ; GC = 
There are not any results runs

CoreBenchmarkSuite.RunFlatFiles_FlatFileDataReader_ByName: DefaultJob
Runtime = ; GC = 
There are not any results runs

CoreBenchmarkSuite.RunFlatFiles_FlatFileDataReader_GetValue: DefaultJob
Runtime = ; GC = 
There are not any results runs

CoreBenchmarkSuite.RunFlatFiles_DataTable: DefaultJob
Runtime = ; GC = 
There are not any results runs

CoreBenchmarkSuite.RunFlatFiles_TypeMapper: DefaultJob
Runtime = ; GC = 
There are not any results runs

CoreBenchmarkSuite.RunFlatFiles_TypeMapper_Async: DefaultJob
Runtime = ; GC = 
There are not any results runs

CoreBenchmarkSuite.RunFlatFiles_TypeMapper_Quoted: DefaultJob
Runtime = ; GC = 
There are not any results runs

CoreBenchmarkSuite.RunFlatFiles_TypeMapper_Fields: DefaultJob
Runtime = ; GC = 
There are not any results runs

CoreBenchmarkSuite.RunFlatFiles_TypeMapper_Unoptimized: DefaultJob
Runtime = ; GC = 
There are not any results runs

CoreBenchmarkSuite.RunFlatFiles_TypeMapper_CustomMapping: DefaultJob
Runtime = ; GC = 
There are not any results runs

CoreBenchmarkSuite.RunFlatFiles_TypeMapper_CustomMapping_Unoptimized: DefaultJob
Runtime = ; GC = 
There are not any results runs

CoreBenchmarkSuite.RunFlatFiles_AutoMapped: DefaultJob
Runtime = ; GC = 
There are not any results runs

CoreBenchmarkSuite.RunFlatFiles_AutoMapped_Async: DefaultJob
Runtime = ; GC = 
There are not any results runs

CoreBenchmarkSuite.RunFlatFiles_NoSchema: DefaultJob
Runtime = ; GC = 
There are not any results runs

CoreBenchmarkSuite.RunCsvHelper: DefaultJob
Runtime = ; GC = 
There are not any results runs

CoreBenchmarkSuite.RunCsvHelper_Async: DefaultJob
Runtime = ; GC = 
There are not any results runs

CoreBenchmarkSuite.RunCsvHelper_Quoted: DefaultJob
Runtime = ; GC = 
There are not any results runs

CoreBenchmarkSuite.RunStringSplit: DefaultJob
Runtime = ; GC = 
There are not any results runs

// * Summary *

BenchmarkDotNet=v0.11.5, OS=Windows 10.0.19042
Intel Core i5-7200U CPU 2.50GHz (Kaby Lake), 1 CPU, 4 logical and 2 physical cores
.NET Core SDK=3.1.410
  [Host] : .NET Core 3.1.16 (CoreCLR 4.700.21.26205, CoreFX 4.700.21.26205), 64bit RyuJIT


|                                            Method | Mean | Error | Min | Max |
|-------------------------------------------------- |-----:|------:|----:|----:|
|        RunFlatFiles_FlatFileDataReader_ByPosition |   NA |    NA |  NA |  NA |
|            RunFlatFiles_FlatFileDataReader_ByName |   NA |    NA |  NA |  NA |
|          RunFlatFiles_FlatFileDataReader_GetValue |   NA |    NA |  NA |  NA |
|                            RunFlatFiles_DataTable |   NA |    NA |  NA |  NA |
|                           RunFlatFiles_TypeMapper |   NA |    NA |  NA |  NA |
|                     RunFlatFiles_TypeMapper_Async |   NA |    NA |  NA |  NA |
|                    RunFlatFiles_TypeMapper_Quoted |   NA |    NA |  NA |  NA |
|                    RunFlatFiles_TypeMapper_Fields |   NA |    NA |  NA |  NA |
|               RunFlatFiles_TypeMapper_Unoptimized |   NA |    NA |  NA |  NA |
|             RunFlatFiles_TypeMapper_CustomMapping |   NA |    NA |  NA |  NA |
| RunFlatFiles_TypeMapper_CustomMapping_Unoptimized |   NA |    NA |  NA |  NA |
|                           RunFlatFiles_AutoMapped |   NA |    NA |  NA |  NA |
|                     RunFlatFiles_AutoMapped_Async |   NA |    NA |  NA |  NA |
|                             RunFlatFiles_NoSchema |   NA |    NA |  NA |  NA |
|                                      RunCsvHelper |   NA |    NA |  NA |  NA |
|                                RunCsvHelper_Async |   NA |    NA |  NA |  NA |
|                               RunCsvHelper_Quoted |   NA |    NA |  NA |  NA |
|                                    RunStringSplit |   NA |    NA |  NA |  NA |

Benchmarks with issues:
  CoreBenchmarkSuite.RunFlatFiles_FlatFileDataReader_ByPosition: DefaultJob
  CoreBenchmarkSuite.RunFlatFiles_FlatFileDataReader_ByName: DefaultJob
  CoreBenchmarkSuite.RunFlatFiles_FlatFileDataReader_GetValue: DefaultJob
  CoreBenchmarkSuite.RunFlatFiles_DataTable: DefaultJob
  CoreBenchmarkSuite.RunFlatFiles_TypeMapper: DefaultJob
  CoreBenchmarkSuite.RunFlatFiles_TypeMapper_Async: DefaultJob
  CoreBenchmarkSuite.RunFlatFiles_TypeMapper_Quoted: DefaultJob
  CoreBenchmarkSuite.RunFlatFiles_TypeMapper_Fields: DefaultJob
  CoreBenchmarkSuite.RunFlatFiles_TypeMapper_Unoptimized: DefaultJob
  CoreBenchmarkSuite.RunFlatFiles_TypeMapper_CustomMapping: DefaultJob
  CoreBenchmarkSuite.RunFlatFiles_TypeMapper_CustomMapping_Unoptimized: DefaultJob
  CoreBenchmarkSuite.RunFlatFiles_AutoMapped: DefaultJob
  CoreBenchmarkSuite.RunFlatFiles_AutoMapped_Async: DefaultJob
  CoreBenchmarkSuite.RunFlatFiles_NoSchema: DefaultJob
  CoreBenchmarkSuite.RunCsvHelper: DefaultJob
  CoreBenchmarkSuite.RunCsvHelper_Async: DefaultJob
  CoreBenchmarkSuite.RunCsvHelper_Quoted: DefaultJob
  CoreBenchmarkSuite.RunStringSplit: DefaultJob

// * Legends *
  Mean  : Arithmetic mean of all measurements
  Error : Half of 99.9% confidence interval
  Min   : Minimum
  Max   : Maximum
  1 ns  : 1 Nanosecond (0.000000001 sec)

// ***** BenchmarkRunner: End *****
// ** Remained 0 benchmark(s) to run **
Run time: 00:00:02 (2.56 sec), executed benchmarks: 0

Global total time: 00:00:16 (16.81 sec), executed benchmarks: 0
// * Artifacts cleanup *
